[I] AWBoot r6160 starting...
[I] SMHC: sdhci0 controller v50310 initialized
[W] SMHC: error 0x100 status 0x0
[W] SMHC: cmd timeout
[W] SMHC: error 0x100 status 0x0
[W] SMHC: cmd timeout
[W] SMHC: init failed, trying SPI

[I] AWBoot r6160 starting...
[I] SMHC: sdhci0 controller v50310 initialized
[W] SMHC: error 0x100 status 0x0
[W] SMHC: cmd timeout
[W] SMHC: error 0x100 status 0x0
[W] SMHC: cmd timeout
[W] SMHC: init failed, trying SPI

[I] AWBoot r6160 starting...
[I] SMHC: sdhci0 controller v50310 initialized
[I] SHMC: SD card detected
[I] FATFS: read sun8i-t113-mangopi-dual.dtb addr=44000000
[I] FATFS: read zImage addr=44800000
[I] booting linux...
[    0.000000] Booting Linux on physical CPU 0x0
[    0.000000] Linux version 6.0.1-gd7d8c971c9c5-dirty (vpopov@ThinkPad-P14s) (arm-none-linux-gnueabihf-gcc (GNU Toolchain for the A-profile Architecture 10.3-2021.07 (arm-10.29)) 10.3.1 20210621, GNU ld (GNU 3
[    0.000000] CPU: ARMv7 Processor [410fc075] revision 5 (ARMv7), cr=10c5387d
[    0.000000] CPU: div instructions available: patching division code
[    0.000000] CPU: PIPT / VIPT nonaliasing data cache, VIPT aliasing instruction cache
[    0.000000] OF: fdt: Machine model: MangoPi MQ-Dual
[    0.000000] Memory policy: Data cache writealloc
[    0.000000] cma: Failed to reserve 72 MiB
[    0.000000] Zone ranges:
[    0.000000]   Normal   [mem 0x0000000040000000-0x0000000047ffffff]
[    0.000000]   HighMem  empty
[    0.000000] Movable zone start for each node
[    0.000000] Early memory node ranges
[    0.000000]   node   0: [mem 0x0000000040000000-0x0000000047ffffff]
[    0.000000] Initmem setup node 0 [mem 0x0000000040000000-0x0000000047ffffff]
[    0.000000] percpu: Embedded 11 pages/cpu s15508 r8192 d21356 u45056
[    0.000000] Built 1 zonelists, mobility grouping on.  Total pages: 32512
[    0.000000] Kernel command line: mem=128M cma=72M root=/dev/mmcblk0p2 init=/sbin/init rootwait console=tty0 console=ttyS5,115200
[    0.000000] Dentry cache hash table entries: 16384 (order: 4, 65536 bytes, linear)
[    0.000000] Inode-cache hash table entries: 8192 (order: 3, 32768 bytes, linear)
[    0.000000] mem auto-init: stack:off, heap alloc:off, heap free:off
[    0.000000] Memory: 116236K/131072K available (8192K kernel code, 942K rwdata, 2092K rodata, 1024K init, 263K bss, 14836K reserved, 0K cma-reserved, 0K highmem)
[    0.000000] SLUB: HWalign=64, Order=0-3, MinObjects=0, CPUs=2, Nodes=1
[    0.000000] rcu: Hierarchical RCU implementation.
[    0.000000] rcu:     RCU restricting CPUs from NR_CPUS=8 to nr_cpu_ids=2.
[    0.000000] rcu: RCU calculated value of scheduler-enlistment delay is 10 jiffies.
[    0.000000] rcu: Adjusting geometry for rcu_fanout_leaf=16, nr_cpu_ids=2
[    0.000000] NR_IRQS: 16, nr_irqs: 16, preallocated irqs: 16
[    0.000000] rcu: srcu_init: Setting srcu_struct sizes based on contention.
[    0.000000] arch_timer: cp15 timer(s) running at 24.00MHz (phys).
[    0.000000] clocksource: arch_sys_counter: mask: 0xffffffffffffff max_cycles: 0x588fe9dc0, max_idle_ns: 440795202592 ns
[    0.000001] sched_clock: 56 bits at 24MHz, resolution 41ns, wraps every 4398046511097ns
[    0.000012] Switching to timer-based delay loop, resolution 41ns
[    0.000185] clocksource: timer: mask: 0xffffffff max_cycles: 0xffffffff, max_idle_ns: 79635851949 ns
[    0.000675] Console: colour dummy device 80x30
[    0.001006] printk: console [tty0] enabled
[    0.001048] Calibrating delay loop (skipped), value calculated using timer frequency.. 48.00 BogoMIPS (lpj=240000)
[    0.001078] pid_max: default: 32768 minimum: 301
[    0.001242] Mount-cache hash table entries: 1024 (order: 0, 4096 bytes, linear)
[    0.001274] Mountpoint-cache hash table entries: 1024 (order: 0, 4096 bytes, linear)
[    0.001822] CPU: Testing write buffer coherency: ok
[    0.002141] /cpus/cpu@0 missing clock-frequency property
[    0.002189] /cpus/cpu@1 missing clock-frequency property
[    0.002210] CPU0: thread -1, cpu 0, socket 0, mpidr 80000000
[    0.002977] Setting up static identity map for 0x40100000 - 0x40100060
[    0.003153] rcu: Hierarchical SRCU implementation.
[    0.003173] rcu:     Max phase no-delay instances is 1000.
[    0.003703] smp: Bringing up secondary CPUs ...
[    0.004402] CPU1: thread -1, cpu 1, socket 0, mpidr 80000001
[    0.004521] smp: Brought up 1 node, 2 CPUs
[    0.004562] SMP: Total of 2 processors activated (96.00 BogoMIPS).
[    0.004579] CPU: All CPU(s) started in SVC mode.
[    0.005087] devtmpfs: initialized
[    0.009100] VFP support v0.3: implementor 41 architecture 2 part 30 variant 7 rev 5
[    0.009327] clocksource: jiffies: mask: 0xffffffff max_cycles: 0xffffffff, max_idle_ns: 19112604462750000 ns
[    0.009370] futex hash table entries: 512 (order: 3, 32768 bytes, linear)
[    0.009521] pinctrl core: initialized pinctrl subsystem
[    0.010801] NET: Registered PF_NETLINK/PF_ROUTE protocol family
[    0.011112] DMA: preallocated 256 KiB pool for atomic coherent allocations
[    0.011913] thermal_sys: Registered thermal governor 'step_wise'
[    0.012144] hw-breakpoint: found 5 (+1 reserved) breakpoint and 4 watchpoint registers.
[    0.012190] hw-breakpoint: maximum watchpoint size is 8 bytes.
[    0.019471] platform 5460000.tcon-top: Fixing up cyclic dependency with 5200000.mixer
[    0.019577] platform 5460000.tcon-top: Fixing up cyclic dependency with 5100000.mixer
[    0.019872] platform 5461000.lcd-controller: Fixing up cyclic dependency with 5460000.tcon-top
[    0.020331] platform 5470000.lcd-controller: Fixing up cyclic dependency with 5604000.tv-encoder
[    0.020414] platform 5470000.lcd-controller: Fixing up cyclic dependency with 5460000.tcon-top
[    0.021193] platform 7090000.rtc: Fixing up cyclic dependency with 7010000.clock-controller
[    0.030973] SCSI subsystem initialized
[    0.031460] usbcore: registered new interface driver usbfs
[    0.031519] usbcore: registered new interface driver hub
[    0.031568] usbcore: registered new device driver usb
[    0.031790] mc: Linux media interface: v0.10
[    0.031852] videodev: Linux video capture interface: v2.00
[    0.031936] pps_core: LinuxPPS API ver. 1 registered
[    0.031952] pps_core: Software ver. 5.3.6 - Copyright 2005-2007 Rodolfo Giometti <giometti@linux.it>
[    0.031981] PTP clock support registered
[    0.032406] Advanced Linux Sound Architecture Driver Initialized.
[    0.033585] clocksource: Switched to clocksource arch_sys_counter
[    0.041312] NET: Registered PF_INET protocol family
[    0.041535] IP idents hash table entries: 2048 (order: 2, 16384 bytes, linear)
[    0.042085] tcp_listen_portaddr_hash hash table entries: 512 (order: 0, 4096 bytes, linear)
[    0.042132] Table-perturb hash table entries: 65536 (order: 6, 262144 bytes, linear)
[    0.042158] TCP established hash table entries: 1024 (order: 0, 4096 bytes, linear)
[    0.042186] TCP bind hash table entries: 1024 (order: 1, 8192 bytes, linear)
[    0.042217] TCP: Hash tables configured (established 1024 bind 1024)
[    0.042311] UDP hash table entries: 256 (order: 1, 8192 bytes, linear)
[    0.042357] UDP-Lite hash table entries: 256 (order: 1, 8192 bytes, linear)
[    0.042533] NET: Registered PF_UNIX/PF_LOCAL protocol family
[    0.043203] RPC: Registered named UNIX socket transport module.
[    0.043244] RPC: Registered udp transport module.
[    0.043258] RPC: Registered tcp transport module.
[    0.043270] RPC: Registered tcp NFSv4.1 backchannel transport module.
[    0.044320] Initialise system trusted keyrings
[    0.044605] workingset: timestamp_bits=30 max_order=15 bucket_order=0
[    0.049408] NFS: Registering the id_resolver key type
[    0.049490] Key type id_resolver registered
[    0.049508] Key type id_legacy registered
[    0.049565] Key type asymmetric registered
[    0.049582] Asymmetric key parser 'x509' registered
[    0.049717] Block layer SCSI generic (bsg) driver version 0.4 loaded (major 246)
[    0.049741] io scheduler mq-deadline registered
[    0.049754] io scheduler kyber registered
[    0.107485] Serial: 8250/16550 driver, 8 ports, IRQ sharing disabled
[    0.116791] CAN device driver interface
[    0.117518] ehci_hcd: USB 2.0 'Enhanced' Host Controller (EHCI) Driver
[    0.117544] ehci-platform: EHCI generic platform driver
[    0.117686] ohci_hcd: USB 1.1 'Open' Host Controller (OHCI) Driver
[    0.117719] ohci-platform: OHCI generic platform driver
[    0.120209] sun6i-rtc 7090000.rtc: registered as rtc0
[    0.120359] sun6i-rtc 7090000.rtc: setting system clock to 1970-01-02T01:17:10 UTC (91030)
[    0.120497] sun6i-rtc 7090000.rtc: RTC enabled
[    0.120829] i2c_dev: i2c /dev entries driver
[    0.122664] sunxi-wdt 20500a0.watchdog: Watchdog enabled (timeout=16 sec, nowayout=0)
[    0.123884] sun8i-ce 3040000.crypto: Set mod clock to 300000000 (300 Mhz) from 400000000 (400 Mhz)
[    0.124243] sun8i-ce 3040000.crypto: will run requests pump with realtime priority
[    0.124452] sun8i-ce 3040000.crypto: will run requests pump with realtime priority
[    0.124621] sun8i-ce 3040000.crypto: will run requests pump with realtime priority
[    0.124791] sun8i-ce 3040000.crypto: will run requests pump with realtime priority
[    0.124913] sun8i-ce 3040000.crypto: Register cbc(aes)
[    0.124950] sun8i-ce 3040000.crypto: Register ecb(aes)
[    0.124970] sun8i-ce 3040000.crypto: Register cbc(des3_ede)
[    0.124989] sun8i-ce 3040000.crypto: Register ecb(des3_ede)
[    0.125028] sun8i-ce 3040000.crypto: CryptoEngine Die ID 0
[    0.125876] usbcore: registered new interface driver usbhid
[    0.125908] usbhid: USB HID core driver
[    0.128548] NET: Registered PF_PACKET protocol family
[    0.128603] can: controller area network core
[    0.128679] NET: Registered PF_CAN protocol family
[    0.128700] can: raw protocol
[    0.128715] can: broadcast manager protocol
[    0.128733] can: netlink gateway - max_hops=1
[    0.128933] Key type dns_resolver registered
[    0.129034] Registering SWP/SWPB emulation handler
[    0.129132] Loading compiled-in X.509 certificates
[    0.147188] sun20i-d1-pinctrl 2000000.pinctrl: initialized sunXi PIO driver
[    0.168793] 2500400.serial: ttyS1 at MMIO 0x2500400 (irq = 231, base_baud = 1500000) is a 16550A
[    0.190473] 2501400.serial: ttyS5 at MMIO 0x2501400 (irq = 232, base_baud = 1500000) is a 16550A
[    1.052850] printk: console [ttyS5] enabled
[    1.058431] usb_phy_generic usb_phy_generic.1.auto: dummy supplies not allowed for exclusive requests
[    1.068314] musb-hdrc musb-hdrc.2.auto: MUSB HDRC host driver
[    1.074143] musb-hdrc musb-hdrc.2.auto: new USB bus registered, assigned bus number 1
[    1.082811] hub 1-0:1.0: USB hub found
[    1.086641] hub 1-0:1.0: 1 port detected
[    1.094187] ehci-platform 4200000.usb: EHCI Host Controller
[    1.099832] ehci-platform 4200000.usb: new USB bus registered, assigned bus number 2
[    1.107392] ohci-platform 4200400.usb: Generic Platform OHCI controller
[    1.107768] ehci-platform 4200000.usb: irq 235, io mem 0x04200000
[    1.114254] ohci-platform 4200400.usb: new USB bus registered, assigned bus number 3
[    1.123662] ALSA device list:
[    1.128204] ohci-platform 4200400.usb: irq 238, io mem 0x04200400
[    1.130994]   No soundcards found.
[    1.131321] sunxi-mmc 4020000.mmc: Got CD GPIO
[    1.145439] sunxi-mmc 4021000.mmc: allocated mmc-pwrseq
[    1.145588] ehci-platform 4200000.usb: USB 2.0 started, EHCI 1.00
[    1.151410] hub 2-0:1.0: USB hub found
[    1.151452] hub 2-0:1.0: 1 port detected
[    1.170797] sunxi-mmc 4021000.mmc: initialized, max. request size: 2048 KB, uses new timings mode
[    1.173879] sunxi-mmc 4020000.mmc: initialized, max. request size: 2048 KB, uses new timings mode
[    1.196107] sunxi-mmc 4021000.mmc: card claims to support voltages below defined range
[    1.218289] hub 3-0:1.0: USB hub found
[    1.222113] hub 3-0:1.0: 1 port detected
[    1.230287] mmc1: new high speed SDIO card at address 0001
[    1.245342] mmc0: new high speed SDXC card at address aaaa
[    1.251685] mmcblk0: mmc0:aaaa SD64G 59.5 GiB 
[    1.258591]  mmcblk0: p1 p2
[    2.153595] phy phy-4100400.phy.0: Changing dr_mode to 1
[    2.158956] ehci-platform 4101000.usb: EHCI Host Controller
[    2.158958] ohci-platform 4101400.usb: Generic Platform OHCI controller
[    2.158994] ohci-platform 4101400.usb: new USB bus registered, assigned bus number 4
[    2.164572] ehci-platform 4101000.usb: new USB bus registered, assigned bus number 5
[    2.171282] ohci-platform 4101400.usb: irq 237, io mem 0x04101400
[    2.178989] ehci-platform 4101000.usb: irq 234, io mem 0x04101000
[    2.223593] ehci-platform 4101000.usb: USB 2.0 started, EHCI 1.00
[    2.230431] hub 5-0:1.0: USB hub found
[    2.234261] hub 5-0:1.0: 1 port detected
[    2.258246] hub 4-0:1.0: USB hub found
[    2.262071] hub 4-0:1.0: 1 port detected
[    2.274540] EXT4-fs (mmcblk0p2): mounted filesystem with ordered data mode. Quota mode: disabled.
[    2.283511] VFS: Mounted root (ext4 filesystem) readonly on device 179:2.
[    2.291251] devtmpfs: mounted
[    2.295459] Freeing unused kernel image (initmem) memory: 1024K
[    2.313747] Run /sbin/init as init process
[    2.517094] EXT4-fs (mmcblk0p2): re-mounted. Quota mode: disabled.
Starting syslogd: OK
Starting klogd: OK
Running sysctl: OK
Invalid card number '0'.
/usr/bin/gpioset: error setting the GPIO line values: Device or resource busy
Populating /dev using udev: [    2.814437] udevd[118]: starting version 3.2.11
[    7.963558] random: crng init done
[    7.992583] udevd[119]: starting eudev-3.2.11
[    8.522874] cfg80211: Loading compiled-in X.509 certificates for regulatory database
[    8.660743] cfg80211: Loaded X.509 cert 'sforshee: 00b28ddf47aef9cea7'
[    8.667606] platform regulatory.0: Direct firmware load for regulatory.db failed with error -2
[    8.676314] cfg80211: failed to load regulatory.db
done
Saving random seed: OK
Starting network: Cannot find device "eth0"
Cannot find device "eth0"
Cannot find device "eth0"
Cannot find device "can0"
FAIL
Starting dropbear sshd: OK
Starting vsftpd: OK

Welcome to Buildroot
buildroot login: 
 
