[I] AWBoot r6160 starting...
[I] SMHC: sdhci0 controller v50310 initialized
[I] SHMC: SD card detected
[I] FATFS: read sun8i-t113-mangopi-dual.dtb addr=44000000
[I] FATFS: read zImage addr=44800000
[I] booting linux...
[    0.000000] Booting Linux on physical CPU 0x0
[    0.000000] Linux version 6.0.1-gd7d8c971c9c5-dirty (vpopov@ThinkPad-P14s) (arm-none-linux-gnueabihf-gcc (GNU Toolchain for the A-profile Architecture 10.3-2021.07 (arm-10.29)) 10.3.1 20210621, GNU ld (GNU 3
[    0.000000] CPU: ARMv7 Processor [410fc075] revision 5 (ARMv7), cr=10c5387d
[    0.000000] CPU: div instructions available: patching division code
[    0.000000] CPU: PIPT / VIPT nonaliasing data cache, VIPT aliasing instruction cache
[    0.000000] OF: fdt: Machine model: MangoPi MQ-Dual
[    0.000000] Memory policy: Data cache writealloc
[    0.000000] cma: Failed to reserve 72 MiB
[    0.000000] Zone ranges:
[    0.000000]   Normal   [mem 0x0000000040000000-0x0000000047ffffff]
[    0.000000]   HighMem  empty
[    0.000000] Movable zone start for each node
[    0.000000] Early memory node ranges
[    0.000000]   node   0: [mem 0x0000000040000000-0x0000000047ffffff]
[    0.000000] Initmem setup node 0 [mem 0x0000000040000000-0x0000000047ffffff]
[    0.000000] percpu: Embedded 11 pages/cpu s15508 r8192 d21356 u45056
[    0.000000] Built 1 zonelists, mobility grouping on.  Total pages: 32512
[    0.000000] Kernel command line: mem=128M cma=72M root=/dev/mmcblk0p2 init=/sbin/init rootwait console=tty0 console=ttyS0,115200 earlyprintk=sunxi-uart,0x2500000
[    0.000000] Unknown kernel command line parameters "earlyprintk=sunxi-uart,0x2500000", will be passed to user space.
[    0.000000] Dentry cache hash table entries: 16384 (order: 4, 65536 bytes, linear)
[    0.000000] Inode-cache hash table entries: 8192 (order: 3, 32768 bytes, linear)
[    0.000000] mem auto-init: stack:off, heap alloc:off, heap free:off
[    0.000000] Memory: 116224K/131072K available (8192K kernel code, 943K rwdata, 2120K rodata, 1024K init, 269K bss, 14848K reserved, 0K cma-reserved, 0K highmem)
[    0.000000] SLUB: HWalign=64, Order=0-3, MinObjects=0, CPUs=2, Nodes=1
[    0.000000] rcu: Hierarchical RCU implementation.
[    0.000000] rcu:     RCU restricting CPUs from NR_CPUS=8 to nr_cpu_ids=2.
[    0.000000] rcu: RCU calculated value of scheduler-enlistment delay is 10 jiffies.
[    0.000000] rcu: Adjusting geometry for rcu_fanout_leaf=16, nr_cpu_ids=2
[    0.000000] NR_IRQS: 16, nr_irqs: 16, preallocated irqs: 16
[    0.000000] rcu: srcu_init: Setting srcu_struct sizes based on contention.
[    0.000000] arch_timer: cp15 timer(s) running at 24.00MHz (phys).
[    0.000000] clocksource: arch_sys_counter: mask: 0xffffffffffffff max_cycles: 0x588fe9dc0, max_idle_ns: 440795202592 ns
[    0.000001] sched_clock: 56 bits at 24MHz, resolution 41ns, wraps every 4398046511097ns
[    0.000012] Switching to timer-based delay loop, resolution 41ns
[    0.000195] clocksource: timer: mask: 0xffffffff max_cycles: 0xffffffff, max_idle_ns: 79635851949 ns
[    0.000713] Console: colour dummy device 80x30
[    0.001083] printk: console [tty0] enabled
[    0.001127] Calibrating delay loop (skipped), value calculated using timer frequency.. 48.00 BogoMIPS (lpj=240000)
[    0.001160] pid_max: default: 32768 minimum: 301
[    0.001327] Mount-cache hash table entries: 1024 (order: 0, 4096 bytes, linear)
[    0.001356] Mountpoint-cache hash table entries: 1024 (order: 0, 4096 bytes, linear)
[    0.001909] CPU: Testing write buffer coherency: ok
[    0.002228] /cpus/cpu@0 missing clock-frequency property
[    0.002277] /cpus/cpu@1 missing clock-frequency property
[    0.002297] CPU0: thread -1, cpu 0, socket 0, mpidr 80000000
[    0.003059] Setting up static identity map for 0x40100000 - 0x40100060
[    0.003228] rcu: Hierarchical SRCU implementation.
[    0.003247] rcu:     Max phase no-delay instances is 1000.
[    0.003776] smp: Bringing up secondary CPUs ...
[    0.004477] CPU1: thread -1, cpu 1, socket 0, mpidr 80000001
[    0.004596] smp: Brought up 1 node, 2 CPUs
[    0.004636] SMP: Total of 2 processors activated (96.00 BogoMIPS).
[    0.004652] CPU: All CPU(s) started in SVC mode.
[    0.005159] devtmpfs: initialized
[    0.009304] VFP support v0.3: implementor 41 architecture 2 part 30 variant 7 rev 5
[    0.009527] clocksource: jiffies: mask: 0xffffffff max_cycles: 0xffffffff, max_idle_ns: 19112604462750000 ns
[    0.009570] futex hash table entries: 512 (order: 3, 32768 bytes, linear)
[    0.009719] pinctrl core: initialized pinctrl subsystem
[    0.011023] NET: Registered PF_NETLINK/PF_ROUTE protocol family
[    0.011344] DMA: preallocated 256 KiB pool for atomic coherent allocations
[    0.012130] thermal_sys: Registered thermal governor 'step_wise'
[    0.012366] hw-breakpoint: found 5 (+1 reserved) breakpoint and 4 watchpoint registers.
[    0.012413] hw-breakpoint: maximum watchpoint size is 8 bytes.
[    0.019632] platform 5460000.tcon-top: Fixing up cyclic dependency with 5200000.mixer
[    0.019731] platform 5460000.tcon-top: Fixing up cyclic dependency with 5100000.mixer
[    0.020094] platform 5461000.lcd-controller: Fixing up cyclic dependency with 5460000.tcon-top
[    0.020560] platform 5470000.lcd-controller: Fixing up cyclic dependency with 5604000.tv-encoder
[    0.020635] platform 5470000.lcd-controller: Fixing up cyclic dependency with 5460000.tcon-top
[    0.021403] platform 7090000.rtc: Fixing up cyclic dependency with 7010000.clock-controller
[    0.023067] platform panel: Fixing up cyclic dependency with 5461000.lcd-controller
[    0.031481] SCSI subsystem initialized
[    0.031992] usbcore: registered new interface driver usbfs
[    0.032052] usbcore: registered new interface driver hub
[    0.032100] usbcore: registered new device driver usb
[    0.032315] mc: Linux media interface: v0.10
[    0.032374] videodev: Linux video capture interface: v2.00
[    0.032457] pps_core: LinuxPPS API ver. 1 registered
[    0.032473] pps_core: Software ver. 5.3.6 - Copyright 2005-2007 Rodolfo Giometti <giometti@linux.it>
[    0.032503] PTP clock support registered
[    0.032938] Advanced Linux Sound Architecture Driver Initialized.
[    0.034084] clocksource: Switched to clocksource arch_sys_counter
[    0.041785] NET: Registered PF_INET protocol family
[    0.042013] IP idents hash table entries: 2048 (order: 2, 16384 bytes, linear)
[    0.042548] tcp_listen_portaddr_hash hash table entries: 512 (order: 0, 4096 bytes, linear)
[    0.042596] Table-perturb hash table entries: 65536 (order: 6, 262144 bytes, linear)
[    0.042624] TCP established hash table entries: 1024 (order: 0, 4096 bytes, linear)
[    0.042654] TCP bind hash table entries: 1024 (order: 1, 8192 bytes, linear)
[    0.042683] TCP: Hash tables configured (established 1024 bind 1024)
[    0.042772] UDP hash table entries: 256 (order: 1, 8192 bytes, linear)
[    0.042817] UDP-Lite hash table entries: 256 (order: 1, 8192 bytes, linear)
[    0.042982] NET: Registered PF_UNIX/PF_LOCAL protocol family
[    0.043504] RPC: Registered named UNIX socket transport module.
[    0.043544] RPC: Registered udp transport module.
[    0.043558] RPC: Registered tcp transport module.
[    0.043569] RPC: Registered tcp NFSv4.1 backchannel transport module.
[    0.044618] Initialise system trusted keyrings
[    0.044914] workingset: timestamp_bits=30 max_order=15 bucket_order=0
[    0.049649] NFS: Registering the id_resolver key type
[    0.049731] Key type id_resolver registered
[    0.049747] Key type id_legacy registered
[    0.049796] Key type asymmetric registered
[    0.049811] Asymmetric key parser 'x509' registered
[    0.049954] Block layer SCSI generic (bsg) driver version 0.4 loaded (major 246)
[    0.049978] io scheduler mq-deadline registered
[    0.049993] io scheduler kyber registered
[    0.107821] Serial: 8250/16550 driver, 8 ports, IRQ sharing disabled
[    0.116570] SPI driver nv3052c has no spi_device_id for leadtek,ltk035c5444t
[    0.118800] CAN device driver interface
[    0.119586] ehci_hcd: USB 2.0 'Enhanced' Host Controller (EHCI) Driver
[    0.119612] ehci-platform: EHCI generic platform driver
[    0.119769] ohci_hcd: USB 1.1 'Open' Host Controller (OHCI) Driver
[    0.119806] ohci-platform: OHCI generic platform driver
[    0.122225] sun6i-rtc 7090000.rtc: registered as rtc0
[    0.122376] sun6i-rtc 7090000.rtc: setting system clock to 1970-01-02T00:00:27 UTC (86427)
[    0.122523] sun6i-rtc 7090000.rtc: RTC enabled
[    0.122867] i2c_dev: i2c /dev entries driver
[    0.124708] sunxi-wdt 20500a0.watchdog: Watchdog enabled (timeout=16 sec, nowayout=0)
[    0.125894] sun8i-ce 3040000.crypto: Set mod clock to 300000000 (300 Mhz) from 400000000 (400 Mhz)
[    0.126238] sun8i-ce 3040000.crypto: will run requests pump with realtime priority
[    0.126443] sun8i-ce 3040000.crypto: will run requests pump with realtime priority
[    0.126597] sun8i-ce 3040000.crypto: will run requests pump with realtime priority
[    0.126744] sun8i-ce 3040000.crypto: will run requests pump with realtime priority
[    0.126850] sun8i-ce 3040000.crypto: Register cbc(aes)
[    0.126883] sun8i-ce 3040000.crypto: Register ecb(aes)
[    0.126903] sun8i-ce 3040000.crypto: Register cbc(des3_ede)
[    0.126922] sun8i-ce 3040000.crypto: Register ecb(des3_ede)
[    0.126960] sun8i-ce 3040000.crypto: CryptoEngine Die ID 0
[    0.127798] usbcore: registered new interface driver usbhid
[    0.127826] usbhid: USB HID core driver
[    0.130496] NET: Registered PF_PACKET protocol family
[    0.130551] can: controller area network core
[    0.130628] NET: Registered PF_CAN protocol family
[    0.130646] can: raw protocol
[    0.130661] can: broadcast manager protocol
[    0.130679] can: netlink gateway - max_hops=1
[    0.130906] Key type dns_resolver registered
[    0.131011] Registering SWP/SWPB emulation handler
[    0.131116] Loading compiled-in X.509 certificates
[    0.148777] sun20i-d1-pinctrl 2000000.pinctrl: initialized sunXi PIO driver
[    0.149993] printk: console [ttyS0] disabled
[    0.170270] 2500000.serial: ttyS0 at MMIO 0x2500000 (irq = 231, base_baud = 1500000) is a 16550A
[    1.056142] printk: console [ttyS0] enabled
[    1.082095] 2500400.serial: ttyS1 at MMIO 0x2500400 (irq = 232, base_baud = 1500000) is a 16550A
[    1.093055] phy phy-4100400.phy.0: Changing dr_mode to 1
[    1.094313] usb_phy_generic usb_phy_generic.1.auto: dummy supplies not allowed for exclusive requests
[    1.098450] ehci-platform 4101000.usb: EHCI Host Controller
[    1.108135] musb-hdrc musb-hdrc.2.auto: MUSB HDRC host driver
[    1.113179] ehci-platform 4101000.usb: new USB bus registered, assigned bus number 1
[    1.118937] musb-hdrc musb-hdrc.2.auto: new USB bus registered, assigned bus number 2
[    1.126782] ehci-platform 4101000.usb: irq 233, io mem 0x04101000
[    1.135261] hub 2-0:1.0: USB hub found
[    1.141535] ehci-platform 4200000.usb: EHCI Host Controller
[    1.144458] hub 2-0:1.0: 1 port detected
[    1.154567] ehci-platform 4200000.usb: new USB bus registered, assigned bus number 3
[    1.155712] ohci-platform 4200400.usb: Generic Platform OHCI controller
[    1.162460] ehci-platform 4200000.usb: irq 235, io mem 0x04200000
[    1.169008] ohci-platform 4200400.usb: new USB bus registered, assigned bus number 4
[    1.179092] sunxi-mmc 4020000.mmc: Got CD GPIO
[    1.182933] ohci-platform 4200400.usb: irq 237, io mem 0x04200400
[    1.187562] ehci-platform 4101000.usb: USB 2.0 started, EHCI 1.00
[    1.195392] sunxi-mmc 4021000.mmc: allocated mmc-pwrseq
[    1.199919] ALSA device list:
[    1.207795]   No soundcards found.
[    1.212530] hub 1-0:1.0: USB hub found
[    1.216438] hub 1-0:1.0: 1 port detected
[    1.224130] ehci-platform 4200000.usb: USB 2.0 started, EHCI 1.00
[    1.230050] sunxi-mmc 4021000.mmc: initialized, max. request size: 2048 KB, uses new timings mode
[    1.230964] hub 3-0:1.0: USB hub found
[    1.243014] sunxi-mmc 4020000.mmc: initialized, max. request size: 2048 KB, uses new timings mode
[    1.247447] sunxi-mmc 4021000.mmc: card claims to support voltages below defined range
[    1.252592] hub 3-0:1.0: 1 port detected
[    1.264905] hub 4-0:1.0: USB hub found
[    1.268742] hub 4-0:1.0: 1 port detected
[    1.289859] mmc1: new high speed SDIO card at address 0001
[    1.327208] mmc0: new high speed SDXC card at address aaaa
[    1.333577] mmcblk0: mmc0:aaaa SD64G 59.5 GiB 
[    1.340508]  mmcblk0: p1 p2
[    1.354169] ohci-platform 4101400.usb: Generic Platform OHCI controller
[    1.360837] ohci-platform 4101400.usb: new USB bus registered, assigned bus number 5
[    1.368759] ohci-platform 4101400.usb: irq 236, io mem 0x04101400
[    1.448793] hub 5-0:1.0: USB hub found
[    1.452597] hub 5-0:1.0: 1 port detected
[    1.465143] EXT4-fs (mmcblk0p2): mounted filesystem with ordered data mode. Quota mode: disabled.
[    1.474149] VFS: Mounted root (ext4 filesystem) readonly on device 179:2.
[    1.481760] devtmpfs: mounted
[    1.485941] Freeing unused kernel image (initmem) memory: 1024K
[    1.494269] Run /sbin/init as init process
[    1.700755] EXT4-fs (mmcblk0p2): re-mounted. Quota mode: disabled.
Starting syslogd: OK
Starting klogd: OK
Running sysctl: OK
Invalid card number '0'.
/usr/bin/gpioset: error setting the GPIO line values: Device or resource busy
Populating /dev using udev: [    1.994919] udevd[118]: starting version 3.2.11
[    7.144065] random: crng init done
[    7.173422] udevd[119]: starting eudev-3.2.11
done
Saving random seed: OK
Starting network: Cannot find device "eth0"
Cannot find device "eth0"
Cannot find device "eth0"
Cannot find device "can0"
FAIL
Starting dropbear sshd: OK
Starting vsftpd: OK

Welcome to Buildroot
buildroot login: [   11.359264] sun4i-drm display-engine: bound 5100000.mixer (ops 0xc09546e0)
[   11.367845] sun4i-drm display-engine: bound 5200000.mixer (ops 0xc09546e0)
[   11.375112] sun4i-drm display-engine: bound 5460000.tcon-top (ops 0xc0958bac)
[   11.382999] sun4i-drm display-engine: failed to bind 5461000.lcd-controller (ops 0xc0950754): -22
[   11.392315] sun4i-drm display-engine: Couldn't bind all pipelines components
[   11.399516] sun4i-drm display-engine: adev bind failed: -22
[   11.405131] sun4i-tcon: probe of 5461000.lcd-controller failed with error -22

Welcome to Buildroot
buildroot login: 
 
