[I] AWBoot r6160 starting...                                                                                                 
[I] SMHC: sdhci0 controller v50310 initialized                                                                               
[I] SHMC: SD card detected                                                                                                   
[I] FATFS: read sun8i-t113-mangopi-dual.dtb addr=44000000
[I] FATFS: read zImage addr=44800000
[I] booting linux...
[    0.000000] Booting Linux on physical CPU 0x0
[    0.000000] Linux version 6.0.1-gd7d8c971c9c5-dirty (vpopov@ThinkPad-P14s) (arm-none-linux-gnueabihf-gcc (GNU Toolchain for the A-profile Architecture 10.3-2021.07 (arm-10.29)) 10.3.1 20210621, GNU ld (GNU T
oolchain for the A-profile Architecture 10.3-2021.07 (arm-10.29)) 2.36.1.20210621) #1 SMP Sat Apr 29 18:25:35 +06 2023
[    0.000000] CPU: ARMv7 Processor [410fc075] revision 5 (ARMv7), cr=10c5387d
[    0.000000] CPU: div instructions available: patching division code
[    0.000000] CPU: PIPT / VIPT nonaliasing data cache, VIPT aliasing instruction cache
[    0.000000] OF: fdt: Machine model: MangoPi MQ-Dual
[    0.000000] Memory policy: Data cache writealloc
[    0.000000] cma: Failed to reserve 72 MiB
[    0.000000] Zone ranges:
[    0.000000]   Normal   [mem 0x0000000040000000-0x0000000047ffffff]
[    0.000000]   HighMem  empty
[    0.000000] Movable zone start for each node
[    0.000000] Early memory node ranges
[    0.000000]   node   0: [mem 0x0000000040000000-0x0000000047ffffff]
[    0.000000] Initmem setup node 0 [mem 0x0000000040000000-0x0000000047ffffff]
[    0.000000] percpu: Embedded 11 pages/cpu s15508 r8192 d21356 u45056
[    0.000000] Built 1 zonelists, mobility grouping on.  Total pages: 32512
[    0.000000] Kernel command line: mem=128M cma=72M root=/dev/mmcblk0p2 init=/sbin/init rootwait console=tty0 console=ttyS0,115200 earlyprintk=sunxi-uart,0x2500000
[    0.000000] Unknown kernel command line parameters "earlyprintk=sunxi-uart,0x2500000", will be passed to user space.
[    0.000000] Dentry cache hash table entries: 16384 (order: 4, 65536 bytes, linear)
[    0.000000] Inode-cache hash table entries: 8192 (order: 3, 32768 bytes, linear)
[    0.000000] mem auto-init: stack:off, heap alloc:off, heap free:off
[    0.000000] Memory: 116224K/131072K available (8192K kernel code, 943K rwdata, 2120K rodata, 1024K init, 269K bss, 14848K reserved, 0K cma-reserved, 0K highmem)
[    0.000000] SLUB: HWalign=64, Order=0-3, MinObjects=0, CPUs=2, Nodes=1
[    0.000000] rcu: Hierarchical RCU implementation.
[    0.000000] rcu:     RCU restricting CPUs from NR_CPUS=8 to nr_cpu_ids=2.
[    0.000000] rcu: RCU calculated value of scheduler-enlistment delay is 10 jiffies.
[    0.000000] rcu: Adjusting geometry for rcu_fanout_leaf=16, nr_cpu_ids=2
[    0.000000] NR_IRQS: 16, nr_irqs: 16, preallocated irqs: 16
[    0.000000] rcu: srcu_init: Setting srcu_struct sizes based on contention.
[    0.000000] arch_timer: cp15 timer(s) running at 24.00MHz (phys).
[    0.000000] clocksource: arch_sys_counter: mask: 0xffffffffffffff max_cycles: 0x588fe9dc0, max_idle_ns: 440795202592 ns
[    0.000001] sched_clock: 56 bits at 24MHz, resolution 41ns, wraps every 4398046511097ns
[    0.000012] Switching to timer-based delay loop, resolution 41ns
[    0.000197] clocksource: timer: mask: 0xffffffff max_cycles: 0xffffffff, max_idle_ns: 79635851949 ns
[    0.000716] Console: colour dummy device 80x30
[    0.001051] printk: console [tty0] enabled
[    0.001094] Calibrating delay loop (skipped), value calculated using timer frequency.. 48.00 BogoMIPS (lpj=240000)
[    0.001125] pid_max: default: 32768 minimum: 301
[    0.001287] Mount-cache hash table entries: 1024 (order: 0, 4096 bytes, linear)
[    0.001316] Mountpoint-cache hash table entries: 1024 (order: 0, 4096 bytes, linear)
[    0.001863] CPU: Testing write buffer coherency: ok
[    0.002186] /cpus/cpu@0 missing clock-frequency property
[    0.002237] /cpus/cpu@1 missing clock-frequency property
[    0.002257] CPU0: thread -1, cpu 0, socket 0, mpidr 80000000
[    0.003015] Setting up static identity map for 0x40100000 - 0x40100060
[    0.003187] rcu: Hierarchical SRCU implementation.
[    0.003211] rcu:     Max phase no-delay instances is 1000.
[    0.003743] smp: Bringing up secondary CPUs ...
[    0.004445] CPU1: thread -1, cpu 1, socket 0, mpidr 80000001
[    0.004566] smp: Brought up 1 node, 2 CPUs
[    0.004608] SMP: Total of 2 processors activated (96.00 BogoMIPS).
[    0.004624] CPU: All CPU(s) started in SVC mode.
[    0.005131] devtmpfs: initialized
[    0.009261] VFP support v0.3: implementor 41 architecture 2 part 30 variant 7 rev 5
[    0.009485] clocksource: jiffies: mask: 0xffffffff max_cycles: 0xffffffff, max_idle_ns: 19112604462750000 ns
[    0.009528] futex hash table entries: 512 (order: 3, 32768 bytes, linear)
[    0.009677] pinctrl core: initialized pinctrl subsystem
[    0.010975] NET: Registered PF_NETLINK/PF_ROUTE protocol family
[    0.011295] DMA: preallocated 256 KiB pool for atomic coherent allocations
[    0.012069] thermal_sys: Registered thermal governor 'step_wise'
[    0.012309] hw-breakpoint: found 5 (+1 reserved) breakpoint and 4 watchpoint registers.
[    0.012356] hw-breakpoint: maximum watchpoint size is 8 bytes.
[    0.019809] platform 5460000.tcon-top: Fixing up cyclic dependency with 5200000.mixer
[    0.019918] platform 5460000.tcon-top: Fixing up cyclic dependency with 5100000.mixer
[    0.020291] platform 5461000.lcd-controller: Fixing up cyclic dependency with 5460000.tcon-top
[    0.020751] platform 5470000.lcd-controller: Fixing up cyclic dependency with 5604000.tv-encoder
[    0.020825] platform 5470000.lcd-controller: Fixing up cyclic dependency with 5460000.tcon-top
[    0.021600] platform 7090000.rtc: Fixing up cyclic dependency with 7010000.clock-controller
[    0.031693] SCSI subsystem initialized
[    0.032191] usbcore: registered new interface driver usbfs
[    0.032251] usbcore: registered new interface driver hub
[    0.032299] usbcore: registered new device driver usb
[    0.032505] mc: Linux media interface: v0.10
[    0.032572] videodev: Linux video capture interface: v2.00
[    0.032656] pps_core: LinuxPPS API ver. 1 registered
[    0.032675] pps_core: Software ver. 5.3.6 - Copyright 2005-2007 Rodolfo Giometti <giometti@linux.it>
[    0.032705] PTP clock support registered
[    0.033120] Advanced Linux Sound Architecture Driver Initialized.
[    0.034265] clocksource: Switched to clocksource arch_sys_counter
[    0.041828] NET: Registered PF_INET protocol family
[    0.042053] IP idents hash table entries: 2048 (order: 2, 16384 bytes, linear)
[    0.042601] tcp_listen_portaddr_hash hash table entries: 512 (order: 0, 4096 bytes, linear)
[    0.042651] Table-perturb hash table entries: 65536 (order: 6, 262144 bytes, linear)
[    0.042679] TCP established hash table entries: 1024 (order: 0, 4096 bytes, linear)
[    0.042709] TCP bind hash table entries: 1024 (order: 1, 8192 bytes, linear)
[    0.042739] TCP: Hash tables configured (established 1024 bind 1024)
[    0.042827] UDP hash table entries: 256 (order: 1, 8192 bytes, linear)
[    0.042872] UDP-Lite hash table entries: 256 (order: 1, 8192 bytes, linear)
[    0.043042] NET: Registered PF_UNIX/PF_LOCAL protocol family
[    0.043568] RPC: Registered named UNIX socket transport module.
[    0.043608] RPC: Registered udp transport module.
[    0.043621] RPC: Registered tcp transport module.
[    0.043632] RPC: Registered tcp NFSv4.1 backchannel transport module.
[    0.044759] Initialise system trusted keyrings
[    0.045034] workingset: timestamp_bits=30 max_order=15 bucket_order=0
[    0.049769] NFS: Registering the id_resolver key type
[    0.049853] Key type id_resolver registered
[    0.049868] Key type id_legacy registered
[    0.049916] Key type asymmetric registered
[    0.049931] Asymmetric key parser 'x509' registered
[    0.050065] Block layer SCSI generic (bsg) driver version 0.4 loaded (major 246)
[    0.050093] io scheduler mq-deadline registered
[    0.050106] io scheduler kyber registered
[    0.108469] Serial: 8250/16550 driver, 8 ports, IRQ sharing disabled
[    0.117201] SPI driver nv3052c has no spi_device_id for leadtek,ltk035c5444t
[    0.119353] CAN device driver interface
[    0.120143] ehci_hcd: USB 2.0 'Enhanced' Host Controller (EHCI) Driver
[    0.120167] ehci-platform: EHCI generic platform driver
[    0.120312] ohci_hcd: USB 1.1 'Open' Host Controller (OHCI) Driver
[    0.120346] ohci-platform: OHCI generic platform driver
[    0.122883] sun6i-rtc 7090000.rtc: registered as rtc0
[    0.123034] sun6i-rtc 7090000.rtc: setting system clock to 1970-01-02T00:42:14 UTC (88934)
[    0.123170] sun6i-rtc 7090000.rtc: RTC enabled
[    0.123517] i2c_dev: i2c /dev entries driver
[    0.125541] sunxi-wdt 20500a0.watchdog: Watchdog enabled (timeout=16 sec, nowayout=0)
[    0.126786] sun8i-ce 3040000.crypto: Set mod clock to 300000000 (300 Mhz) from 400000000 (400 Mhz)
[    0.127131] sun8i-ce 3040000.crypto: will run requests pump with realtime priority
[    0.127351] sun8i-ce 3040000.crypto: will run requests pump with realtime priority
[    0.127526] sun8i-ce 3040000.crypto: will run requests pump with realtime priority
[    0.127694] sun8i-ce 3040000.crypto: will run requests pump with realtime priority
[    0.127811] sun8i-ce 3040000.crypto: Register cbc(aes)
[    0.127845] sun8i-ce 3040000.crypto: Register ecb(aes)
[    0.127864] sun8i-ce 3040000.crypto: Register cbc(des3_ede)
[    0.127883] sun8i-ce 3040000.crypto: Register ecb(des3_ede)
[    0.127922] sun8i-ce 3040000.crypto: CryptoEngine Die ID 0
[    0.128794] usbcore: registered new interface driver usbhid
[    0.128826] usbhid: USB HID core driver
[    0.131745] NET: Registered PF_PACKET protocol family
[    0.131801] can: controller area network core
[    0.131879] NET: Registered PF_CAN protocol family
[    0.131899] can: raw protocol
[    0.131914] can: broadcast manager protocol
[    0.131932] can: netlink gateway - max_hops=1
[    0.132123] Key type dns_resolver registered
[    0.132228] Registering SWP/SWPB emulation handler
[    0.132326] Loading compiled-in X.509 certificates
[    0.150168] sun20i-d1-pinctrl 2000000.pinctrl: initialized sunXi PIO driver
[    0.151398] printk: console [ttyS0] disabled
[    0.171677] 2500000.serial: ttyS0 at MMIO 0x2500000 (irq = 231, base_baud = 1500000) is a 16550A
[    1.049856] printk: console [ttyS0] enabled
[    1.075892] 2500400.serial: ttyS1 at MMIO 0x2500400 (irq = 232, base_baud = 1500000) is a 16550A
[    1.086747] phy phy-4100400.phy.0: Changing dr_mode to 1
[    1.087980] usb_phy_generic usb_phy_generic.1.auto: dummy supplies not allowed for exclusive requests
[    1.092083] ehci-platform 4101000.usb: EHCI Host Controller
[    1.101875] musb-hdrc musb-hdrc.2.auto: MUSB HDRC host driver
[    1.106943] ehci-platform 4101000.usb: new USB bus registered, assigned bus number 1
[    1.112667] musb-hdrc musb-hdrc.2.auto: new USB bus registered, assigned bus number 2
[    1.120517] ehci-platform 4101000.usb: irq 233, io mem 0x04101000
[    1.134926] hub 2-0:1.0: USB hub found
[    1.135431] ehci-platform 4200000.usb: EHCI Host Controller
[    1.138749] hub 2-0:1.0: 1 port detected
[    1.149159] ehci-platform 4200000.usb: new USB bus registered, assigned bus number 3
[    1.157127] ehci-platform 4200000.usb: irq 235, io mem 0x04200000
[    1.157693] ohci-platform 4200400.usb: Generic Platform OHCI controller
[    1.164305] ehci-platform 4101000.usb: USB 2.0 started, EHCI 1.00
[    1.169899] ohci-platform 4200400.usb: new USB bus registered, assigned bus number 4
[    1.176622] hub 1-0:1.0: USB hub found
[    1.183777] ohci-platform 4200400.usb: irq 238, io mem 0x04200400
[    1.187477] hub 1-0:1.0: 1 port detected
[    1.197710] sunxi-mmc 4020000.mmc: Got CD GPIO
[    1.199556] sunxi-mmc 4021000.mmc: allocated mmc-pwrseq
[    1.207690] ehci-platform 4200000.usb: USB 2.0 started, EHCI 1.00
[    1.214184] ALSA device list:
[    1.217218]   No soundcards found.
[    1.221772] hub 3-0:1.0: USB hub found
[    1.226621] hub 3-0:1.0: 1 port detected
[    1.230847] sunxi-mmc 4020000.mmc: initialized, max. request size: 2048 KB, uses new timings mode
[    1.233599] sunxi-mmc 4021000.mmc: initialized, max. request size: 2048 KB, uses new timings mode
[    1.257516] sunxi-mmc 4021000.mmc: card claims to support voltages below defined range
[    1.265872] hub 4-0:1.0: USB hub found
[    1.269697] hub 4-0:1.0: 1 port detected
[    1.285396] mmc1: new high speed SDIO card at address 0001
[    1.316259] mmc0: new high speed SDXC card at address aaaa
[    1.322617] mmcblk0: mmc0:aaaa SD64G 59.5 GiB 
[    1.329515]  mmcblk0: p1 p2
[    1.354350] ohci-platform 4101400.usb: Generic Platform OHCI controller
[    1.361024] ohci-platform 4101400.usb: new USB bus registered, assigned bus number 5
[    1.368949] ohci-platform 4101400.usb: irq 236, io mem 0x04101400
[    1.448995] hub 5-0:1.0: USB hub found
[    1.452806] hub 5-0:1.0: 1 port detected
[    1.462949] EXT4-fs (mmcblk0p2): INFO: recovery required on readonly filesystem
[    1.470349] EXT4-fs (mmcblk0p2): write access will be enabled during recovery
[    1.479208] EXT4-fs (mmcblk0p2): recovery complete
[    1.509863] EXT4-fs (mmcblk0p2): mounted filesystem with ordered data mode. Quota mode: disabled.
[    1.518844] VFS: Mounted root (ext4 filesystem) readonly on device 179:2.
[    1.526481] devtmpfs: mounted
[    1.530629] Freeing unused kernel image (initmem) memory: 1024K
[    1.536769] Run /sbin/init as init process
[    1.735884] EXT4-fs (mmcblk0p2): re-mounted. Quota mode: disabled.
Starting syslogd: OK
Starting klogd: OK
Running sysctl: OK
Invalid card number '0'.
/usr/bin/gpioset: error setting the GPIO line values: Device or resource busy
Populating /dev using udev: [    2.032728] udevd[114]: starting version 3.2.11
[    7.184239] random: crng init done
[    7.221181] udevd[116]: starting eudev-3.2.11
done
Initializing random number generator: OK
Saving random seed: OK
Starting network: Cannot find device "eth0"
Cannot find device "eth0"
Cannot find device "eth0"
Cannot find device "can0"
FAIL
Starting dropbear sshd: OK
Starting vsftpd: OK

Welcome to Buildroot
buildroot login: [   11.354583] platform 5461000.lcd-controller: deferred probe pending

Welcome to Buildroot
 
